---
source: crates/parser/tests/cases/errors.rs
expression: "err_string(stringify!(stmt_vardecl_missing_type_annotation),\n    functions::parse_stmt, \"let x = 1\")"

---
error: failed to parse variable declaration
  ┌─ stmt_vardecl_missing_type_annotation:1:5
  │
1 │ let x = 1
  │     ^ Must be followed by type annotation
  │
  = Example: `let x: u8 = 1`


