---
source: crates/parser/tests/cases/parse_ast.rs
expression: "ast_string(stringify!(stmt_revert1), functions::parse_stmt, \"revert\")"

---
Node(
  kind: Revert(
    error: None,
  ),
  span: Span(
    start: 0,
    end: 6,
  ),
)
