---
source: crates/analyzer/tests/analysis.rs
expression: snapshot
---
note: 
   ┌─ ingots/basic_ingot/src/main.fe:10:5
   │  
10 │ ╭     pub fn get_my_baz() -> Baz {
11 │ │         assert file_items_work()
12 │ │         return Baz(my_bool: true, my_u256: 26)
13 │ │     }
   │ ╰─────^ params: [] -> Baz

note: 
   ┌─ ingots/basic_ingot/src/main.fe:11:16
   │
11 │         assert file_items_work()
   │                ^^^^^^^^^^^^^^^^^ bool
12 │         return Baz(my_bool: true, my_u256: 26)
   │                             ^^^^           ^^ u256
   │                             │               
   │                             bool

note: 
   ┌─ ingots/basic_ingot/src/main.fe:12:16
   │
12 │         return Baz(my_bool: true, my_u256: 26)
   │                ^^^^^^^^^^^^^^^^^^^^^^^^^^^^^^^ Baz

note: 
   ┌─ ingots/basic_ingot/src/main.fe:15:5
   │  
15 │ ╭     pub fn get_my_bing() -> Bong {
16 │ │         return Bong(my_address: address(42))
17 │ │     }
   │ ╰─────^ params: [] -> Bing

note: 
   ┌─ ingots/basic_ingot/src/main.fe:16:41
   │
16 │         return Bong(my_address: address(42))
   │                                         ^^ u256

note: 
   ┌─ ingots/basic_ingot/src/main.fe:16:33
   │
16 │         return Bong(my_address: address(42))
   │                                 ^^^^^^^^^^^ address

note: 
   ┌─ ingots/basic_ingot/src/main.fe:16:16
   │
16 │         return Bong(my_address: address(42))
   │                ^^^^^^^^^^^^^^^^^^^^^^^^^^^^^ Bing

note: 
   ┌─ ingots/basic_ingot/src/main.fe:19:5
   │  
19 │ ╭     pub fn get_42() -> u256 {
20 │ │         return get_42_backend()
21 │ │     }
   │ ╰─────^ params: [] -> u256

note: 
   ┌─ ingots/basic_ingot/src/main.fe:20:16
   │
20 │         return get_42_backend()
   │                ^^^^^^^^^^^^^^^^ u256

note: 
   ┌─ ingots/basic_ingot/src/main.fe:23:5
   │  
23 │ ╭     pub fn get_26() -> u256 {
24 │ │         return std::evm::add(13, 13)
25 │ │     }
   │ ╰─────^ params: [] -> u256

note: 
   ┌─ ingots/basic_ingot/src/main.fe:24:30
   │
24 │         return std::evm::add(13, 13)
   │                              ^^  ^^ u256
   │                              │    
   │                              u256

note: 
   ┌─ ingots/basic_ingot/src/main.fe:24:16
   │
24 │         return std::evm::add(13, 13)
   │                ^^^^^^^^^^^^^^^^^^^^^ u256

note: 
   ┌─ ingots/basic_ingot/src/main.fe:27:5
   │  
27 │ ╭     pub fn call_on_path() {
28 │ │         assert bar::mee::Mee::kawum() == 1
29 │ │         assert bar::mee::Mee().rums() == 1
30 │ │     }
   │ ╰─────^ params: [] -> ()

note: 
   ┌─ ingots/basic_ingot/src/main.fe:28:16
   │
28 │         assert bar::mee::Mee::kawum() == 1
   │                ^^^^^^^^^^^^^^^^^^^^^^    ^ u256
   │                │                          
   │                u256

note: 
   ┌─ ingots/basic_ingot/src/main.fe:28:16
   │
28 │         assert bar::mee::Mee::kawum() == 1
   │                ^^^^^^^^^^^^^^^^^^^^^^^^^^^ bool
29 │         assert bar::mee::Mee().rums() == 1
   │                ^^^^^^^^^^^^^^^ Mee

note: 
   ┌─ ingots/basic_ingot/src/main.fe:29:16
   │
29 │         assert bar::mee::Mee().rums() == 1
   │                ^^^^^^^^^^^^^^^^^^^^^^    ^ u256
   │                │                          
   │                u256

note: 
   ┌─ ingots/basic_ingot/src/main.fe:29:16
   │
29 │         assert bar::mee::Mee().rums() == 1
   │                ^^^^^^^^^^^^^^^^^^^^^^^^^^^ bool

note: 
   ┌─ ingots/basic_ingot/src/main.fe:32:5
   │  
32 │ ╭     pub fn get_my_dyng() -> dong::Dyng {
33 │ │         return dong::Dyng(my_address: address(8), my_u256: 42, my_i8: -1)
34 │ │     }
   │ ╰─────^ params: [] -> Dyng

note: 
   ┌─ ingots/basic_ingot/src/main.fe:33:47
   │
33 │         return dong::Dyng(my_address: address(8), my_u256: 42, my_i8: -1)
   │                                               ^ u256

note: 
   ┌─ ingots/basic_ingot/src/main.fe:33:39
   │
33 │         return dong::Dyng(my_address: address(8), my_u256: 42, my_i8: -1)
   │                                       ^^^^^^^^^^           ^^          ^ u256
   │                                       │                    │            
   │                                       │                    u256
   │                                       address

note: 
   ┌─ ingots/basic_ingot/src/main.fe:33:71
   │
33 │         return dong::Dyng(my_address: address(8), my_u256: 42, my_i8: -1)
   │                                                                       ^^ i8

note: 
   ┌─ ingots/basic_ingot/src/main.fe:33:16
   │
33 │         return dong::Dyng(my_address: address(8), my_u256: 42, my_i8: -1)
   │                ^^^^^^^^^^^^^^^^^^^^^^^^^^^^^^^^^^^^^^^^^^^^^^^^^^^^^^^^^^ Dyng

note: 
   ┌─ ingots/basic_ingot/src/main.fe:36:5
   │  
36 │ ╭     pub fn create_bing_contract(mut ctx: Context) -> u256 {
37 │ │         let bing_contract: BingContract = BingContract.create(ctx, 0)
38 │ │         return bing_contract.add(40, 50)
39 │ │     }
   │ ╰─────^ params: [{ label: None, name: ctx, typ: mut Context }] -> u256

note: 
   ┌─ ingots/basic_ingot/src/main.fe:37:13
   │
37 │         let bing_contract: BingContract = BingContract.create(ctx, 0)
   │             ^^^^^^^^^^^^^ BingContract

note: 
   ┌─ ingots/basic_ingot/src/main.fe:37:63
   │
37 │         let bing_contract: BingContract = BingContract.create(ctx, 0)
   │                                                               ^^^  ^ u256
   │                                                               │     
   │                                                               mut Context

note: 
   ┌─ ingots/basic_ingot/src/main.fe:37:43
   │
37 │         let bing_contract: BingContract = BingContract.create(ctx, 0)
   │                                           ^^^^^^^^^^^^^^^^^^^^^^^^^^^ BingContract
38 │         return bing_contract.add(40, 50)
   │                ^^^^^^^^^^^^^     ^^  ^^ u256
   │                │                 │    
   │                │                 u256
   │                BingContract

note: 
   ┌─ ingots/basic_ingot/src/main.fe:38:16
   │
38 │         return bing_contract.add(40, 50)
   │                ^^^^^^^^^^^^^^^^^^^^^^^^^ u256

note: 
   ┌─ ingots/basic_ingot/src/main.fe:44:1
   │  
44 │ ╭ pub fn test_foo(mut ctx: Context) {
45 │ │     let baz: Baz = Foo::get_my_baz()
46 │ │     assert baz.my_bool
47 │ │     assert baz.my_u256 == 26
   · │
56 │ │     assert Foo::create_bing_contract(ctx) == 90
57 │ │ }
   │ ╰─^ params: [{ label: None, name: ctx, typ: mut Context }] -> ()

note: 
   ┌─ ingots/basic_ingot/src/main.fe:45:9
   │
45 │     let baz: Baz = Foo::get_my_baz()
   │         ^^^ Baz
   ·
48 │     let bong: Bong = Foo::get_my_bing()
   │         ^^^^ Bing
   ·
52 │     let dyng: dong::Dyng = Foo::get_my_dyng()
   │         ^^^^ Dyng

note: 
   ┌─ ingots/basic_ingot/src/main.fe:45:20
   │
45 │     let baz: Baz = Foo::get_my_baz()
   │                    ^^^^^^^^^^^^^^^^^ Baz
46 │     assert baz.my_bool
   │            ^^^ Baz

note: 
   ┌─ ingots/basic_ingot/src/main.fe:46:12
   │
46 │     assert baz.my_bool
   │            ^^^^^^^^^^^ bool
47 │     assert baz.my_u256 == 26
   │            ^^^ Baz

note: 
   ┌─ ingots/basic_ingot/src/main.fe:47:12
   │
47 │     assert baz.my_u256 == 26
   │            ^^^^^^^^^^^    ^^ u256
   │            │               
   │            u256

note: 
   ┌─ ingots/basic_ingot/src/main.fe:47:12
   │
47 │     assert baz.my_u256 == 26
   │            ^^^^^^^^^^^^^^^^^ bool
48 │     let bong: Bong = Foo::get_my_bing()
   │                      ^^^^^^^^^^^^^^^^^^ Bing
49 │     assert bong.my_address == address(42)
   │            ^^^^ Bing

note: 
   ┌─ ingots/basic_ingot/src/main.fe:49:12
   │
49 │     assert bong.my_address == address(42)
   │            ^^^^^^^^^^^^^^^            ^^ u256
   │            │                           
   │            address

note: 
   ┌─ ingots/basic_ingot/src/main.fe:49:31
   │
49 │     assert bong.my_address == address(42)
   │                               ^^^^^^^^^^^ address

note: 
   ┌─ ingots/basic_ingot/src/main.fe:49:12
   │
49 │     assert bong.my_address == address(42)
   │            ^^^^^^^^^^^^^^^^^^^^^^^^^^^^^^ bool
50 │     assert Foo::get_42() == 42
   │            ^^^^^^^^^^^^^    ^^ u256
   │            │                 
   │            u256

note: 
   ┌─ ingots/basic_ingot/src/main.fe:50:12
   │
50 │     assert Foo::get_42() == 42
   │            ^^^^^^^^^^^^^^^^^^^ bool
51 │     assert Foo::get_26() == 26
   │            ^^^^^^^^^^^^^    ^^ u256
   │            │                 
   │            u256

note: 
   ┌─ ingots/basic_ingot/src/main.fe:51:12
   │
51 │     assert Foo::get_26() == 26
   │            ^^^^^^^^^^^^^^^^^^^ bool
52 │     let dyng: dong::Dyng = Foo::get_my_dyng()
   │                            ^^^^^^^^^^^^^^^^^^ Dyng
53 │     assert dyng.my_address == address(8)
   │            ^^^^ Dyng

note: 
   ┌─ ingots/basic_ingot/src/main.fe:53:12
   │
53 │     assert dyng.my_address == address(8)
   │            ^^^^^^^^^^^^^^^            ^ u256
   │            │                           
   │            address

note: 
   ┌─ ingots/basic_ingot/src/main.fe:53:31
   │
53 │     assert dyng.my_address == address(8)
   │                               ^^^^^^^^^^ address

note: 
   ┌─ ingots/basic_ingot/src/main.fe:53:12
   │
53 │     assert dyng.my_address == address(8)
   │            ^^^^^^^^^^^^^^^^^^^^^^^^^^^^^ bool
54 │     assert dyng.my_u256 == 42
   │            ^^^^ Dyng

note: 
   ┌─ ingots/basic_ingot/src/main.fe:54:12
   │
54 │     assert dyng.my_u256 == 42
   │            ^^^^^^^^^^^^    ^^ u256
   │            │                
   │            u256

note: 
   ┌─ ingots/basic_ingot/src/main.fe:54:12
   │
54 │     assert dyng.my_u256 == 42
   │            ^^^^^^^^^^^^^^^^^^ bool
55 │     assert dyng.my_i8 == -1
   │            ^^^^ Dyng

note: 
   ┌─ ingots/basic_ingot/src/main.fe:55:12
   │
55 │     assert dyng.my_i8 == -1
   │            ^^^^^^^^^^     ^ u256
   │            │               
   │            i8

note: 
   ┌─ ingots/basic_ingot/src/main.fe:55:26
   │
55 │     assert dyng.my_i8 == -1
   │                          ^^ i8

note: 
   ┌─ ingots/basic_ingot/src/main.fe:55:12
   │
55 │     assert dyng.my_i8 == -1
   │            ^^^^^^^^^^^^^^^^ bool
56 │     assert Foo::create_bing_contract(ctx) == 90
   │                                      ^^^ mut Context

note: 
   ┌─ ingots/basic_ingot/src/main.fe:56:12
   │
56 │     assert Foo::create_bing_contract(ctx) == 90
   │            ^^^^^^^^^^^^^^^^^^^^^^^^^^^^^^    ^^ u256
   │            │                                  
   │            u256

note: 
   ┌─ ingots/basic_ingot/src/main.fe:56:12
   │
56 │     assert Foo::create_bing_contract(ctx) == 90
   │            ^^^^^^^^^^^^^^^^^^^^^^^^^^^^^^^^^^^^ bool


note: 
  ┌─ ingots/basic_ingot/src/bar.fe:1:1
  │  
1 │ ╭ pub fn file_items_work() -> bool {
2 │ │     return true
3 │ │ }
  │ ╰─^ params: [] -> bool

note: 
  ┌─ ingots/basic_ingot/src/bar.fe:2:12
  │
2 │     return true
  │            ^^^^ bool


note: 
  ┌─ ingots/basic_ingot/src/bing.fe:5:5
  │
5 │     pub my_address: address
  │     ^^^^^^^^^^^^^^^^^^^^^^^ address

note: 
   ┌─ ingots/basic_ingot/src/bing.fe:8:1
   │  
 8 │ ╭ pub fn get_42_backend() -> u256 {
 9 │ │     return std::evm::add(21, 21)
10 │ │ }
   │ ╰─^ params: [] -> u256

note: 
  ┌─ ingots/basic_ingot/src/bing.fe:9:26
  │
9 │     return std::evm::add(21, 21)
  │                          ^^  ^^ u256
  │                          │    
  │                          u256

note: 
  ┌─ ingots/basic_ingot/src/bing.fe:9:12
  │
9 │     return std::evm::add(21, 21)
  │            ^^^^^^^^^^^^^^^^^^^^^ u256

note: 
   ┌─ ingots/basic_ingot/src/bing.fe:13:5
   │  
13 │ ╭     pub fn add(self, _ x: u256, _ y: u256) -> u256 {
14 │ │         return x + y
15 │ │     }
   │ ╰─────^ params: [self, { label: Some("_"), name: x, typ: u256 }, { label: Some("_"), name: y, typ: u256 }] -> u256

note: 
   ┌─ ingots/basic_ingot/src/bing.fe:14:16
   │
14 │         return x + y
   │                ^   ^ u256
   │                │    
   │                u256

note: 
   ┌─ ingots/basic_ingot/src/bing.fe:14:16
   │
14 │         return x + y
   │                ^^^^^ u256



note: 
  ┌─ ingots/basic_ingot/src/bar/baz.fe:2:5
  │
2 │     pub my_bool: bool
  │     ^^^^^^^^^^^^^^^^^ bool
3 │     pub my_u256: u256
  │     ^^^^^^^^^^^^^^^^^ u256


note: 
  ┌─ ingots/basic_ingot/src/bar/mee.fe:2:5
  │  
2 │ ╭     pub fn kawum() -> u256 {
3 │ │         return 1
4 │ │     }
  │ ╰─────^ params: [] -> u256

note: 
  ┌─ ingots/basic_ingot/src/bar/mee.fe:3:16
  │
3 │         return 1
  │                ^ u256

note: 
  ┌─ ingots/basic_ingot/src/bar/mee.fe:6:5
  │  
6 │ ╭     pub fn rums(self) -> u256 {
7 │ │         return 1
8 │ │     }
  │ ╰─────^ params: [self] -> u256

note: 
  ┌─ ingots/basic_ingot/src/bar/mee.fe:7:16
  │
7 │         return 1
  │                ^ u256


note: 
  ┌─ ingots/basic_ingot/src/ding/dang.fe:1:1
  │
1 │ pub type Dang = Array<u256, 42>
  │ ^^^^^^^^^^^^^^^^^^^^^^^^^^^^^^^ Array<u256, 42>


note: 
  ┌─ ingots/basic_ingot/src/ding/dong.fe:4:5
  │
4 │     pub my_address: address
  │     ^^^^^^^^^^^^^^^^^^^^^^^ address
5 │     pub my_u256: u256
  │     ^^^^^^^^^^^^^^^^^ u256
6 │     pub my_i8: i8
  │     ^^^^^^^^^^^^^ i8

note: 
   ┌─ ingots/basic_ingot/src/ding/dong.fe:9:1
   │  
 9 │ ╭ fn get_bing() -> Bing {
10 │ │     return Bing(my_address: address(0))
11 │ │ }
   │ ╰─^ params: [] -> Bing

note: 
   ┌─ ingots/basic_ingot/src/ding/dong.fe:10:37
   │
10 │     return Bing(my_address: address(0))
   │                                     ^ u256

note: 
   ┌─ ingots/basic_ingot/src/ding/dong.fe:10:29
   │
10 │     return Bing(my_address: address(0))
   │                             ^^^^^^^^^^ address

note: 
   ┌─ ingots/basic_ingot/src/ding/dong.fe:10:12
   │
10 │     return Bing(my_address: address(0))
   │            ^^^^^^^^^^^^^^^^^^^^^^^^^^^^ Bing


