---
source: crates/analyzer/tests/analysis.rs
expression: "build_snapshot(&db, module)"
---
note: 
  ┌─ constructor.fe:2:5
  │
2 │     bar: Map<u256, u256>
  │     ^^^^^^^^^^^^^^^^^^^^ Map<u256, u256>

note: 
   ┌─ constructor.fe:8:5
   │  
 8 │ ╭     pub fn read_bar(self) -> u256 {
 9 │ │         return self.bar[42]
10 │ │     }
   │ ╰─────^ params: [self] -> u256

note: 
  ┌─ constructor.fe:9:16
  │
9 │         return self.bar[42]
  │                ^^^^ Foo

note: 
  ┌─ constructor.fe:9:16
  │
9 │         return self.bar[42]
  │                ^^^^^^^^ ^^ u256
  │                │         
  │                SPtr<Map<u256, u256>>

note: 
  ┌─ constructor.fe:9:16
  │
9 │         return self.bar[42]
  │                ^^^^^^^^^^^^ SPtr<u256> -Load-> u256


