---
source: crates/analyzer/tests/analysis.rs
expression: "build_snapshot(&db, module)"
---
note: 
  ┌─ return_msg_sig.fe:2:5
  │  
2 │ ╭     pub fn bar(ctx: Context) -> u256 {
3 │ │         return ctx.msg_sig()
4 │ │     }
  │ ╰─────^ params: [{ label: None, name: ctx, typ: Context }] -> u256

note: 
  ┌─ return_msg_sig.fe:3:16
  │
3 │         return ctx.msg_sig()
  │                ^^^ Context

note: 
  ┌─ return_msg_sig.fe:3:16
  │
3 │         return ctx.msg_sig()
  │                ^^^^^^^^^^^^^ u256


