---
source: crates/analyzer/tests/analysis.rs
expression: "build_snapshot(&db, module)"
---
note: 
  ┌─ revert.fe:2:5
  │
2 │     pub msg: u256
  │     ^^^^^^^^^^^^^ u256
3 │     pub val: bool
  │     ^^^^^^^^^^^^^ bool

note: 
  ┌─ revert.fe:7:5
  │
7 │     my_other_error: OtherError
  │     ^^^^^^^^^^^^^^^^^^^^^^^^^^ OtherError

note: 
   ┌─ revert.fe:9:5
   │  
 9 │ ╭     pub fn bar() -> u256 {
10 │ │         revert
11 │ │     }
   │ ╰─────^ params: [] -> u256

note: 
   ┌─ revert.fe:13:5
   │  
13 │ ╭     pub fn revert_custom_error(mut ctx: Context) {
14 │ │         ctx.send_value(to: address(0), wei: 100)
15 │ │     }
   │ ╰─────^ params: [{ label: None, name: ctx, typ: mut Context }] -> ()

note: 
   ┌─ revert.fe:14:9
   │
14 │         ctx.send_value(to: address(0), wei: 100)
   │         ^^^                        ^ u256
   │         │                           
   │         mut Context

note: 
   ┌─ revert.fe:14:28
   │
14 │         ctx.send_value(to: address(0), wei: 100)
   │                            ^^^^^^^^^^       ^^^ u256
   │                            │                 
   │                            address

note: 
   ┌─ revert.fe:14:9
   │
14 │         ctx.send_value(to: address(0), wei: 100)
   │         ^^^^^^^^^^^^^^^^^^^^^^^^^^^^^^^^^^^^^^^^ ()

note: 
   ┌─ revert.fe:17:5
   │  
17 │ ╭     pub fn revert_other_error() {
18 │ │         revert OtherError(msg: 1, val: true)
19 │ │     }
   │ ╰─────^ params: [] -> ()

note: 
   ┌─ revert.fe:18:32
   │
18 │         revert OtherError(msg: 1, val: true)
   │                                ^       ^^^^ bool
   │                                │        
   │                                u256

note: 
   ┌─ revert.fe:18:16
   │
18 │         revert OtherError(msg: 1, val: true)
   │                ^^^^^^^^^^^^^^^^^^^^^^^^^^^^^ OtherError

note: 
   ┌─ revert.fe:21:5
   │  
21 │ ╭     pub fn revert_other_error_from_sto(mut self) {
22 │ │         self.my_other_error = OtherError(msg: 1, val: true)
23 │ │         revert self.my_other_error.to_mem()
24 │ │     }
   │ ╰─────^ params: [mut self] -> ()

note: 
   ┌─ revert.fe:22:9
   │
22 │         self.my_other_error = OtherError(msg: 1, val: true)
   │         ^^^^ mut Foo

note: 
   ┌─ revert.fe:22:9
   │
22 │         self.my_other_error = OtherError(msg: 1, val: true)
   │         ^^^^^^^^^^^^^^^^^^^                   ^       ^^^^ bool
   │         │                                     │        
   │         │                                     u256
   │         mut SPtr<OtherError>

note: 
   ┌─ revert.fe:22:31
   │
22 │         self.my_other_error = OtherError(msg: 1, val: true)
   │                               ^^^^^^^^^^^^^^^^^^^^^^^^^^^^^ OtherError
23 │         revert self.my_other_error.to_mem()
   │                ^^^^ mut Foo

note: 
   ┌─ revert.fe:23:16
   │
23 │         revert self.my_other_error.to_mem()
   │                ^^^^^^^^^^^^^^^^^^^ mut SPtr<OtherError>

note: 
   ┌─ revert.fe:23:16
   │
23 │         revert self.my_other_error.to_mem()
   │                ^^^^^^^^^^^^^^^^^^^^^^^^^^^^ OtherError


