---
source: crates/analyzer/tests/analysis.rs
expression: "build_snapshot(&db, module)"
---
note: 
  ┌─ create_contract_from_init.fe:2:5
  │  
2 │ ╭     pub fn get_my_num() -> u256 {
3 │ │         return 42
4 │ │     }
  │ ╰─────^ params: [] -> u256

note: 
  ┌─ create_contract_from_init.fe:3:16
  │
3 │         return 42
  │                ^^ u256

note: 
  ┌─ create_contract_from_init.fe:8:5
  │
8 │     foo_addr: address
  │     ^^^^^^^^^^^^^^^^^ address

note: 
   ┌─ create_contract_from_init.fe:14:5
   │  
14 │ ╭     pub fn get_foo_addr(self) -> address {
15 │ │         return self.foo_addr
16 │ │     }
   │ ╰─────^ params: [self] -> address

note: 
   ┌─ create_contract_from_init.fe:15:16
   │
15 │         return self.foo_addr
   │                ^^^^ FooFactory

note: 
   ┌─ create_contract_from_init.fe:15:16
   │
15 │         return self.foo_addr
   │                ^^^^^^^^^^^^^ SPtr<address> -Load-> address


