---
source: crates/analyzer/tests/analysis.rs
expression: "build_snapshot(&db, module)"
---
note: 
  ┌─ return_i256.fe:2:5
  │  
2 │ ╭     pub fn bar() -> i256 {
3 │ │         return -3
4 │ │     }
  │ ╰─────^ params: [] -> i256

note: 
  ┌─ return_i256.fe:3:17
  │
3 │         return -3
  │                 ^ u256

note: 
  ┌─ return_i256.fe:3:16
  │
3 │         return -3
  │                ^^ i256


