---
source: crates/analyzer/tests/errors.rs
expression: "error_string(\"[snippet]\", &src)"
---
error: literal out of range for `i8`
  ┌─ [snippet]:3:15
  │
3 │   let x: i8 = -129
  │               ^^^^ does not fit into type `i8`


