---
source: crates/analyzer/tests/errors.rs
expression: "error_string(\"[snippet]\", &src)"
---
error: cannot apply unary operator `-` to type `bool`
  ┌─ [snippet]:4:4
  │
4 │   -x
  │    ^ this has type `bool`; expected a numeric type


