---
source: crates/analyzer/tests/errors.rs
expression: "error_string(&path, test_files::fixture(path))"
---
error: value of type `u256` does not support `abi_encode()`
  ┌─ compile_errors/abi_encode_u256.fe:3:9
  │
3 │         42.abi_encode()
  │         ^^ this value cannot be encoded using `abi_encode()`
  │
  = Hint: struct and tuple values can be encoded.
  = Example: `(42,).abi_encode()`


