---
source: crates/tests-legacy/src/features.rs
expression: "format!(\"{}\", harness.gas_reporter)"
---
emit_nums([]) used 1624 gas
emit_bases([Address(0x1234000000000000000000000000000000005678)]) used 1672 gas
emit_mix([Address(0x1234000000000000000000000000000000005678), Bytes([116, 101, 110, 32, 98, 121, 116, 101, 115, 46, 116, 101, 110, 32, 98, 121, 116, 101, 115, 46, 116, 101, 110, 32, 98, 121, 116, 101, 115, 46, 116, 101, 110, 32, 98, 121, 116, 101, 115, 46, 116, 101, 110, 32, 98, 121, 116, 101, 115, 46, 116, 101, 110, 32, 98, 121, 116, 101, 115, 46, 116, 101, 110, 32, 98, 121, 116, 101, 115, 46, 116, 101, 110, 32, 98, 121, 116, 101, 115, 46, 116, 101, 110, 32, 98, 121, 116, 101, 115, 46, 116, 101, 110, 32, 98, 121, 116, 101, 115, 46])]) used 5315 gas
emit_addresses([Address(0x1234000000000000000000000000000000005678), Address(0x9123000000000000000000000000000000004567)]) used 2628 gas
emit_nested_array([]) used 7990 gas

