---
source: crates/tests-legacy/src/features.rs
expression: "format!(\"{}\", harness.gas_reporter)"
---
simple_match([Uint(1), Uint(2)]) used 571 gas
nested_match([Uint(1), Uint(2)]) used 1500 gas
nested_match2([]) used 1885 gas
tuple_match([]) used 1765 gas
boolean_literal_match([Bool(true), Bool(true)]) used 583 gas
boolean_literal_match([Bool(true), Bool(false)]) used 609 gas
boolean_literal_match([Bool(false), Bool(true)]) used 598 gas
boolean_literal_match([Bool(false), Bool(false)]) used 594 gas
wild_card([]) used 1127 gas
match_in_if([]) used 647 gas
match_in_loop([]) used 1558 gas
match_in_loop_simple([]) used 791 gas
rest_pattern_head([Uint(1), Uint(2)]) used 2785 gas
rest_pattern_tail([Uint(1), Uint(2)]) used 2798 gas
rest_pattern_middle([Uint(1), Uint(2)]) used 3254 gas
simple_struct([Int(1), Int(2), Bool(true)]) used 1042 gas
simple_struct([Int(1), Int(2), Bool(false)]) used 1056 gas
nested_struct([]) used 1895 gas
enum_storage([Uint(1), Uint(2), Bool(true)]) used 90859 gas

