---
source: crates/tests-legacy/src/features.rs
expression: "format!(\"{}\", harness.gas_reporter)"
---
bar([Uint(1)]) used 181 gas

