---
source: crates/tests-legacy/src/features.rs
expression: "format!(\"{}\", harness.gas_reporter)"
---
run_test([]) used 1355 gas

